---
source: tests/ui_snapshots.rs
expression: terminal.backend()
---
"╭ settings ────────────────────────────╮"
"│  context people     ( ) off   (●) on │"
"│  context place      ( ) off   (●) on │"
"│  context date       ( ) off   (●) on │"
"│▸ theme              (●) btop   ( ) mo│"
"│                                      │"
"│  ctrl-t test connections             │"
"│                                      │"
"│ ctrl-s save    ctrl-t test    ← → sel│"
"╰──────────────────────────────────────╯"
