---
source: tests/ui_snapshots.rs
expression: terminal.backend()
---
"╭ immich-alt-text ─ photos.hom RUNNING ╮"
"│██████████░░░░░░░░░░░░░ 1 287 / 3 102 │"
"│elapsed 01:42:17   failed 3           │"
"│                                      │"
"│                                      │"
"│                                      │"
"│                                      │"
"│                                      │"
"│ s start    p pause    ↑↓ scroll log  │"
"╰──────────────────────────────────────╯"
