---
source: tests/ui_snapshots.rs
expression: terminal.backend()
---
"╭ settings ────────────────────────────╮"
"│                     alt              │"
"│                      te              │"
"│  llm timeout (s)    120              │"
"│  workers            1                │"
"│  retries            3                │"
"│  max tokens         200              │"
"│▸ theme              (●) btop   ( ) mo│"
"│ ctrl-s save    ctrl-t test    ← → the│"
"╰──────────────────────────────────────╯"
